C:/Users/SCSM11/Downloads/X-CUBE-TOF1/Projects/NUCLEO-L476RG/Examples/53L8A1/53L8A1_SimpleRanging/Src/app_tof.c:61:6:MX_TOF_Init	8	static
C:/Users/SCSM11/Downloads/X-CUBE-TOF1/Projects/NUCLEO-L476RG/Examples/53L8A1/53L8A1_SimpleRanging/Src/app_tof.c:83:6:MX_TOF_Process	8	static
C:/Users/SCSM11/Downloads/X-CUBE-TOF1/Projects/NUCLEO-L476RG/Examples/53L8A1/53L8A1_SimpleRanging/Src/app_tof.c:96:13:MX_53L8A1_SimpleRanging_Init	8	static
C:/Users/SCSM11/Downloads/X-CUBE-TOF1/Projects/NUCLEO-L476RG/Examples/53L8A1/53L8A1_SimpleRanging/Src/app_tof.c:127:13:MX_53L8A1_SimpleRanging_Process	16	static
C:/Users/SCSM11/Downloads/X-CUBE-TOF1/Projects/NUCLEO-L476RG/Examples/53L8A1/53L8A1_SimpleRanging/Src/app_tof.c:170:13:print_result	32	static
C:/Users/SCSM11/Downloads/X-CUBE-TOF1/Projects/NUCLEO-L476RG/Examples/53L8A1/53L8A1_SimpleRanging/Src/app_tof.c:259:13:toggle_resolution	8	static
C:/Users/SCSM11/Downloads/X-CUBE-TOF1/Projects/NUCLEO-L476RG/Examples/53L8A1/53L8A1_SimpleRanging/Src/app_tof.c:289:13:toggle_signal_and_ambient	8	static
C:/Users/SCSM11/Downloads/X-CUBE-TOF1/Projects/NUCLEO-L476RG/Examples/53L8A1/53L8A1_SimpleRanging/Src/app_tof.c:300:13:clear_screen	8	static
C:/Users/SCSM11/Downloads/X-CUBE-TOF1/Projects/NUCLEO-L476RG/Examples/53L8A1/53L8A1_SimpleRanging/Src/app_tof.c:305:13:display_commands_banner	8	static
C:/Users/SCSM11/Downloads/X-CUBE-TOF1/Projects/NUCLEO-L476RG/Examples/53L8A1/53L8A1_SimpleRanging/Src/app_tof.c:320:13:handle_cmd	16	static
C:/Users/SCSM11/Downloads/X-CUBE-TOF1/Projects/NUCLEO-L476RG/Examples/53L8A1/53L8A1_SimpleRanging/Src/app_tof.c:343:16:get_key	16	static
C:/Users/SCSM11/Downloads/X-CUBE-TOF1/Projects/NUCLEO-L476RG/Examples/53L8A1/53L8A1_SimpleRanging/Src/app_tof.c:352:17:com_has_data	4	static
C:/Users/SCSM11/Downloads/X-CUBE-TOF1/Projects/NUCLEO-L476RG/Examples/53L8A1/53L8A1_SimpleRanging/Src/app_tof.c:357:6:BSP_PB_Callback	16	static
