C:/Users/SCSM11/Downloads/X-CUBE-TOF1/Projects/NUCLEO-L476RG/Examples/53L8A1/53L8A1_SimpleRanging/Src/main.c:69:13:PowerOnSelfTest	1
C:/Users/SCSM11/Downloads/X-CUBE-TOF1/Projects/NUCLEO-L476RG/Examples/53L8A1/53L8A1_SimpleRanging/Src/main.c:97:6:ROI_OnUpdate	14
C:/Users/SCSM11/Downloads/X-CUBE-TOF1/Projects/NUCLEO-L476RG/Examples/53L8A1/53L8A1_SimpleRanging/Src/main.c:153:5:main	1
C:/Users/SCSM11/Downloads/X-CUBE-TOF1/Projects/NUCLEO-L476RG/Examples/53L8A1/53L8A1_SimpleRanging/Src/main.c:216:6:SystemClock_Config	4
C:/Users/SCSM11/Downloads/X-CUBE-TOF1/Projects/NUCLEO-L476RG/Examples/53L8A1/53L8A1_SimpleRanging/Src/main.c:269:6:Error_Handler	1
