C:/Users/SCSM11/Downloads/X-CUBE-TOF1/Projects/NUCLEO-L476RG/Examples/53L8A1/53L8A1_SimpleRanging/Src/main.c:69:13:PowerOnSelfTest	8	static
C:/Users/SCSM11/Downloads/X-CUBE-TOF1/Projects/NUCLEO-L476RG/Examples/53L8A1/53L8A1_SimpleRanging/Src/main.c:97:6:ROI_OnUpdate	80	static
C:/Users/SCSM11/Downloads/X-CUBE-TOF1/Projects/NUCLEO-L476RG/Examples/53L8A1/53L8A1_SimpleRanging/Src/main.c:153:5:main	8	static
C:/Users/SCSM11/Downloads/X-CUBE-TOF1/Projects/NUCLEO-L476RG/Examples/53L8A1/53L8A1_SimpleRanging/Src/main.c:216:6:SystemClock_Config	96	static
C:/Users/SCSM11/Downloads/X-CUBE-TOF1/Projects/NUCLEO-L476RG/Examples/53L8A1/53L8A1_SimpleRanging/Src/main.c:269:6:Error_Handler	4	static,ignoring_inline_asm
