C:/Users/SCSM11/Downloads/X-CUBE-TOF1/Projects/NUCLEO-L476RG/Examples/53L8A1/53L8A1_SimpleRanging/Src/stm32l4xx_nucleo.c:90:9:BSP_GetVersion	4	static
C:/Users/SCSM11/Downloads/X-CUBE-TOF1/Projects/NUCLEO-L476RG/Examples/53L8A1/53L8A1_SimpleRanging/Src/stm32l4xx_nucleo.c:107:9:BSP_PB_Init	24	static
C:/Users/SCSM11/Downloads/X-CUBE-TOF1/Projects/NUCLEO-L476RG/Examples/53L8A1/53L8A1_SimpleRanging/Src/stm32l4xx_nucleo.c:147:9:BSP_PB_DeInit	40	static
C:/Users/SCSM11/Downloads/X-CUBE-TOF1/Projects/NUCLEO-L476RG/Examples/53L8A1/53L8A1_SimpleRanging/Src/stm32l4xx_nucleo.c:165:9:BSP_PB_GetState	16	static
C:/Users/SCSM11/Downloads/X-CUBE-TOF1/Projects/NUCLEO-L476RG/Examples/53L8A1/53L8A1_SimpleRanging/Src/stm32l4xx_nucleo.c:174:6:BSP_PB_IRQHandler	16	static
C:/Users/SCSM11/Downloads/X-CUBE-TOF1/Projects/NUCLEO-L476RG/Examples/53L8A1/53L8A1_SimpleRanging/Src/stm32l4xx_nucleo.c:184:13:BSP_PB_Callback	16	static
C:/Users/SCSM11/Downloads/X-CUBE-TOF1/Projects/NUCLEO-L476RG/Examples/53L8A1/53L8A1_SimpleRanging/Src/stm32l4xx_nucleo.c:197:13:BUTTON_USER_EXTI_Callback	8	static
C:/Users/SCSM11/Downloads/X-CUBE-TOF1/Projects/NUCLEO-L476RG/Examples/53L8A1/53L8A1_SimpleRanging/Src/stm32l4xx_nucleo.c:206:13:BUTTON_USER_GPIO_Init	4	static
C:/Users/SCSM11/Downloads/X-CUBE-TOF1/Projects/NUCLEO-L476RG/Examples/53L8A1/53L8A1_SimpleRanging/Src/stm32l4xx_nucleo.c:218:9:BSP_COM_Init	24	static
C:/Users/SCSM11/Downloads/X-CUBE-TOF1/Projects/NUCLEO-L476RG/Examples/53L8A1/53L8A1_SimpleRanging/Src/stm32l4xx_nucleo.c:256:9:BSP_COM_DeInit	24	static
C:/Users/SCSM11/Downloads/X-CUBE-TOF1/Projects/NUCLEO-L476RG/Examples/53L8A1/53L8A1_SimpleRanging/Src/stm32l4xx_nucleo.c:293:26:MX_USART2_UART_Init	24	static
C:/Users/SCSM11/Downloads/X-CUBE-TOF1/Projects/NUCLEO-L476RG/Examples/53L8A1/53L8A1_SimpleRanging/Src/stm32l4xx_nucleo.c:397:9:BSP_COM_SelectLogPort	16	static
C:/Users/SCSM11/Downloads/X-CUBE-TOF1/Projects/NUCLEO-L476RG/Examples/53L8A1/53L8A1_SimpleRanging/Src/stm32l4xx_nucleo.c:443:5:__io_putchar	16	static
C:/Users/SCSM11/Downloads/X-CUBE-TOF1/Projects/NUCLEO-L476RG/Examples/53L8A1/53L8A1_SimpleRanging/Src/stm32l4xx_nucleo.c:456:13:USART2_MspInit	184	static
C:/Users/SCSM11/Downloads/X-CUBE-TOF1/Projects/NUCLEO-L476RG/Examples/53L8A1/53L8A1_SimpleRanging/Src/stm32l4xx_nucleo.c:497:13:USART2_MspDeInit	16	static
